Archive member included to satisfy reference by file (symbol)

/opt/st/stm32cubeide_1.3.0/plugins/com.st.stm32cube.ide.mcu.externaltools.gnu-tools-for-stm32.7-2018-q2-update.linux64_1.0.0.201904181610/tools/bin/../lib/gcc/arm-none-eabi/7.3.1/../../../../arm-none-eabi/lib/thumb/v6-m/libc_nano.a(lib_a-errno.o)
                              Core/Src/syscalls.o (__errno)
/opt/st/stm32cubeide_1.3.0/plugins/com.st.stm32cube.ide.mcu.externaltools.gnu-tools-for-stm32.7-2018-q2-update.linux64_1.0.0.201904181610/tools/bin/../lib/gcc/arm-none-eabi/7.3.1/../../../../arm-none-eabi/lib/thumb/v6-m/libc_nano.a(lib_a-exit.o)
                              /opt/st/stm32cubeide_1.3.0/plugins/com.st.stm32cube.ide.mcu.externaltools.gnu-tools-for-stm32.7-2018-q2-update.linux64_1.0.0.201904181610/tools/bin/../lib/gcc/arm-none-eabi/7.3.1/../../../../arm-none-eabi/lib/thumb/v6-m/crt0.o (exit)
/opt/st/stm32cubeide_1.3.0/plugins/com.st.stm32cube.ide.mcu.externaltools.gnu-tools-for-stm32.7-2018-q2-update.linux64_1.0.0.201904181610/tools/bin/../lib/gcc/arm-none-eabi/7.3.1/../../../../arm-none-eabi/lib/thumb/v6-m/libc_nano.a(lib_a-impure.o)
                              /opt/st/stm32cubeide_1.3.0/plugins/com.st.stm32cube.ide.mcu.externaltools.gnu-tools-for-stm32.7-2018-q2-update.linux64_1.0.0.201904181610/tools/bin/../lib/gcc/arm-none-eabi/7.3.1/../../../../arm-none-eabi/lib/thumb/v6-m/libc_nano.a(lib_a-exit.o) (_global_impure_ptr)
/opt/st/stm32cubeide_1.3.0/plugins/com.st.stm32cube.ide.mcu.externaltools.gnu-tools-for-stm32.7-2018-q2-update.linux64_1.0.0.201904181610/tools/bin/../lib/gcc/arm-none-eabi/7.3.1/../../../../arm-none-eabi/lib/thumb/v6-m/libc_nano.a(lib_a-init.o)
                              /opt/st/stm32cubeide_1.3.0/plugins/com.st.stm32cube.ide.mcu.externaltools.gnu-tools-for-stm32.7-2018-q2-update.linux64_1.0.0.201904181610/tools/bin/../lib/gcc/arm-none-eabi/7.3.1/../../../../arm-none-eabi/lib/thumb/v6-m/crt0.o (__libc_init_array)
/opt/st/stm32cubeide_1.3.0/plugins/com.st.stm32cube.ide.mcu.externaltools.gnu-tools-for-stm32.7-2018-q2-update.linux64_1.0.0.201904181610/tools/bin/../lib/gcc/arm-none-eabi/7.3.1/../../../../arm-none-eabi/lib/thumb/v6-m/libc_nano.a(lib_a-memset.o)
                              /opt/st/stm32cubeide_1.3.0/plugins/com.st.stm32cube.ide.mcu.externaltools.gnu-tools-for-stm32.7-2018-q2-update.linux64_1.0.0.201904181610/tools/bin/../lib/gcc/arm-none-eabi/7.3.1/../../../../arm-none-eabi/lib/thumb/v6-m/crt0.o (memset)
/opt/st/stm32cubeide_1.3.0/plugins/com.st.stm32cube.ide.mcu.externaltools.gnu-tools-for-stm32.7-2018-q2-update.linux64_1.0.0.201904181610/tools/bin/../lib/gcc/arm-none-eabi/7.3.1/../../../../arm-none-eabi/lib/thumb/v6-m/libc_nano.a(lib_a-strlen.o)
                              Core/Src/FlASH_PAGE_F1.o (strlen)
/opt/st/stm32cubeide_1.3.0/plugins/com.st.stm32cube.ide.mcu.externaltools.gnu-tools-for-stm32.7-2018-q2-update.linux64_1.0.0.201904181610/tools/bin/../lib/gcc/arm-none-eabi/7.3.1/thumb/v6-m/libgcc.a(_udivsi3.o)
                              Core/Src/system_stm32f0xx.o (__aeabi_uidiv)
/opt/st/stm32cubeide_1.3.0/plugins/com.st.stm32cube.ide.mcu.externaltools.gnu-tools-for-stm32.7-2018-q2-update.linux64_1.0.0.201904181610/tools/bin/../lib/gcc/arm-none-eabi/7.3.1/thumb/v6-m/libgcc.a(_dvmd_tls.o)
                              /opt/st/stm32cubeide_1.3.0/plugins/com.st.stm32cube.ide.mcu.externaltools.gnu-tools-for-stm32.7-2018-q2-update.linux64_1.0.0.201904181610/tools/bin/../lib/gcc/arm-none-eabi/7.3.1/thumb/v6-m/libgcc.a(_udivsi3.o) (__aeabi_idiv0)

Allocating common symbols
Common symbol       size              file

uwTick              0x4               Drivers/STM32F0xx_HAL_Driver/Src/stm32f0xx_hal.o
pFlash              0x20              Drivers/STM32F0xx_HAL_Driver/Src/stm32f0xx_hal_flash.o
bytes_temp          0x4               Core/Src/FlASH_PAGE_F1.o
Rx_Data             0x78              Core/Src/main.o

Discarded input sections

 .text          0x0000000000000000        0x0 /opt/st/stm32cubeide_1.3.0/plugins/com.st.stm32cube.ide.mcu.externaltools.gnu-tools-for-stm32.7-2018-q2-update.linux64_1.0.0.201904181610/tools/bin/../lib/gcc/arm-none-eabi/7.3.1/thumb/v6-m/crti.o
 .data          0x0000000000000000        0x0 /opt/st/stm32cubeide_1.3.0/plugins/com.st.stm32cube.ide.mcu.externaltools.gnu-tools-for-stm32.7-2018-q2-update.linux64_1.0.0.201904181610/tools/bin/../lib/gcc/arm-none-eabi/7.3.1/thumb/v6-m/crti.o
 .bss           0x0000000000000000        0x0 /opt/st/stm32cubeide_1.3.0/plugins/com.st.stm32cube.ide.mcu.externaltools.gnu-tools-for-stm32.7-2018-q2-update.linux64_1.0.0.201904181610/tools/bin/../lib/gcc/arm-none-eabi/7.3.1/thumb/v6-m/crti.o
 .data          0x0000000000000000        0x4 /opt/st/stm32cubeide_1.3.0/plugins/com.st.stm32cube.ide.mcu.externaltools.gnu-tools-for-stm32.7-2018-q2-update.linux64_1.0.0.201904181610/tools/bin/../lib/gcc/arm-none-eabi/7.3.1/thumb/v6-m/crtbegin.o
[...]
Memory Configuration

Name             Origin             Length             Attributes
RAM              0x0000000020000000 0x0000000000001000 xrw
FLASH            0x0000000008000000 0x0000000000004000 xr
*default*        0x0000000000000000 0xffffffffffffffff

Linker script and memory map

LOAD /opt/st/stm32cubeide_1.3.0/plugins/com.st.stm32cube.ide.mcu.externaltools.gnu-tools-for-stm32.7-2018-q2-update.linux64_1.0.0.201904181610/tools/bin/../lib/gcc/arm-none-eabi/7.3.1/thumb/v6-m/crti.o
LOAD /opt/st/stm32cubeide_1.3.0/plugins/com.st.stm32cube.ide.mcu.externaltools.gnu-tools-for-stm32.7-2018-q2-update.linux64_1.0.0.201904181610/tools/bin/../lib/gcc/arm-none-eabi/7.3.1/thumb/v6-m/crtbegin.o
LOAD /opt/st/stm32cubeide_1.3.0/plugins/com.st.stm32cube.ide.mcu.externaltools.gnu-tools-for-stm32.7-2018-q2-update.linux64_1.0.0.201904181610/tools/bin/../lib/gcc/arm-none-eabi/7.3.1/../../../../arm-none-eabi/lib/thumb/v6-m/crt0.o
LOAD Core/Src/FlASH_PAGE_F1.o
LOAD Core/Src/main.o
LOAD Core/Src/stm32f0xx_hal_msp.o
LOAD Core/Src/stm32f0xx_it.o
LOAD Core/Src/syscalls.o
LOAD Core/Src/sysmem.o
LOAD Core/Src/system_stm32f0xx.o
LOAD Core/Startup/startup_stm32f030f4px.o
LOAD Drivers/STM32F0xx_HAL_Driver/Src/stm32f0xx_hal.o
LOAD Drivers/STM32F0xx_HAL_Driver/Src/stm32f0xx_hal_cortex.o
LOAD Drivers/STM32F0xx_HAL_Driver/Src/stm32f0xx_hal_dma.o
LOAD Drivers/STM32F0xx_HAL_Driver/Src/stm32f0xx_hal_exti.o
LOAD Drivers/STM32F0xx_HAL_Driver/Src/stm32f0xx_hal_flash.o
LOAD Drivers/STM32F0xx_HAL_Driver/Src/stm32f0xx_hal_flash_ex.o
LOAD Drivers/STM32F0xx_HAL_Driver/Src/stm32f0xx_hal_gpio.o
LOAD Drivers/STM32F0xx_HAL_Driver/Src/stm32f0xx_hal_i2c.o
LOAD Drivers/STM32F0xx_HAL_Driver/Src/stm32f0xx_hal_i2c_ex.o
LOAD Drivers/STM32F0xx_HAL_Driver/Src/stm32f0xx_hal_pwr.o
LOAD Drivers/STM32F0xx_HAL_Driver/Src/stm32f0xx_hal_pwr_ex.o
LOAD Drivers/STM32F0xx_HAL_Driver/Src/stm32f0xx_hal_rcc.o
LOAD Drivers/STM32F0xx_HAL_Driver/Src/stm32f0xx_hal_rcc_ex.o
LOAD Drivers/STM32F0xx_HAL_Driver/Src/stm32f0xx_hal_tim.o
LOAD Drivers/STM32F0xx_HAL_Driver/Src/stm32f0xx_hal_tim_ex.o
START GROUP
LOAD /opt/st/stm32cubeide_1.3.0/plugins/com.st.stm32cube.ide.mcu.externaltools.gnu-tools-for-stm32.7-2018-q2-update.linux64_1.0.0.201904181610/tools/bin/../lib/gcc/arm-none-eabi/7.3.1/../../../../arm-none-eabi/lib/thumb/v6-m/libc_nano.a
LOAD /opt/st/stm32cubeide_1.3.0/plugins/com.st.stm32cube.ide.mcu.externaltools.gnu-tools-for-stm32.7-2018-q2-update.linux64_1.0.0.201904181610/tools/bin/../lib/gcc/arm-none-eabi/7.3.1/../../../../arm-none-eabi/lib/thumb/v6-m/libm.a
END GROUP
START GROUP
LOAD /opt/st/stm32cubeide_1.3.0/plugins/com.st.stm32cube.ide.mcu.externaltools.gnu-tools-for-stm32.7-2018-q2-update.linux64_1.0.0.201904181610/tools/bin/../lib/gcc/arm-none-eabi/7.3.1/thumb/v6-m/libgcc.a
LOAD /opt/st/stm32cubeide_1.3.0/plugins/com.st.stm32cube.ide.mcu.externaltools.gnu-tools-for-stm32.7-2018-q2-update.linux64_1.0.0.201904181610/tools/bin/../lib/gcc/arm-none-eabi/7.3.1/../../../../arm-none-eabi/lib/thumb/v6-m/libc_nano.a
END GROUP
START GROUP
LOAD /opt/st/stm32cubeide_1.3.0/plugins/com.st.stm32cube.ide.mcu.externaltools.gnu-tools-for-stm32.7-2018-q2-update.linux64_1.0.0.201904181610/tools/bin/../lib/gcc/arm-none-eabi/7.3.1/thumb/v6-m/libgcc.a
LOAD /opt/st/stm32cubeide_1.3.0/plugins/com.st.stm32cube.ide.mcu.externaltools.gnu-tools-for-stm32.7-2018-q2-update.linux64_1.0.0.201904181610/tools/bin/../lib/gcc/arm-none-eabi/7.3.1/../../../../arm-none-eabi/lib/thumb/v6-m/libc_nano.a
LOAD /opt/st/stm32cubeide_1.3.0/plugins/com.st.stm32cube.ide.mcu.externaltools.gnu-tools-for-stm32.7-2018-q2-update.linux64_1.0.0.201904181610/tools/bin/../lib/gcc/arm-none-eabi/7.3.1/../../../../arm-none-eabi/lib/thumb/v6-m/libnosys.a
END GROUP
START GROUP
LOAD /opt/st/stm32cubeide_1.3.0/plugins/com.st.stm32cube.ide.mcu.externaltools.gnu-tools-for-stm32.7-2018-q2-update.linux64_1.0.0.201904181610/tools/bin/../lib/gcc/arm-none-eabi/7.3.1/thumb/v6-m/libgcc.a
LOAD /opt/st/stm32cubeide_1.3.0/plugins/com.st.stm32cube.ide.mcu.externaltools.gnu-tools-for-stm32.7-2018-q2-update.linux64_1.0.0.201904181610/tools/bin/../lib/gcc/arm-none-eabi/7.3.1/../../../../arm-none-eabi/lib/thumb/v6-m/libc_nano.a
LOAD /opt/st/stm32cubeide_1.3.0/plugins/com.st.stm32cube.ide.mcu.externaltools.gnu-tools-for-stm32.7-2018-q2-update.linux64_1.0.0.201904181610/tools/bin/../lib/gcc/arm-none-eabi/7.3.1/../../../../arm-none-eabi/lib/thumb/v6-m/libnosys.a
END GROUP
LOAD /opt/st/stm32cubeide_1.3.0/plugins/com.st.stm32cube.ide.mcu.externaltools.gnu-tools-for-stm32.7-2018-q2-update.linux64_1.0.0.201904181610/tools/bin/../lib/gcc/arm-none-eabi/7.3.1/thumb/v6-m/crtend.o
LOAD /opt/st/stm32cubeide_1.3.0/plugins/com.st.stm32cube.ide.mcu.externaltools.gnu-tools-for-stm32.7-2018-q2-update.linux64_1.0.0.201904181610/tools/bin/../lib/gcc/arm-none-eabi/7.3.1/thumb/v6-m/crtn.o
                0x0000000020001000                _estack = (ORIGIN (RAM) + LENGTH (RAM))
                0x0000000000000200                _Min_Heap_Size = 0x200
                0x0000000000000400                _Min_Stack_Size = 0x400

.isr_vector     0x0000000008000000       0xc0
                0x0000000008000000                . = ALIGN (0x4)
 *(.isr_vector)
 .isr_vector    0x0000000008000000       0xc0 Core/Startup/startup_stm32f030f4px.o
                0x0000000008000000                g_pfnVectors
                0x00000000080000c0                . = ALIGN (0x4)

.text           0x00000000080000c0     0x10b0
                0x00000000080000c0                . = ALIGN (0x4)
 *(.text)
 .text          0x00000000080000c0       0x48 /opt/st/stm32cubeide_1.3.0/plugins/com.st.stm32cube.ide.mcu.externaltools.gnu-tools-for-stm32.7-2018-q2-update.linux64_1.0.0.201904181610/tools/bin/../lib/gcc/arm-none-eabi/7.3.1/thumb/v6-m/crtbegin.o
 .text          0x0000000008000108      0x114 /opt/st/stm32cubeide_1.3.0/plugins/com.st.stm32cube.ide.mcu.externaltools.gnu-tools-for-stm32.7-2018-q2-update.linux64_1.0.0.201904181610/tools/bin/../lib/gcc/arm-none-eabi/7.3.1/thumb/v6-m/libgcc.a(_udivsi3.o)
                0x0000000008000108                __udivsi3
                0x0000000008000108                __aeabi_uidiv
                0x0000000008000214                __aeabi_uidivmod
 .text          0x000000000800021c        0x4 /opt/st/stm32cubeide_1.3.0/plugins/com.st.stm32cube.ide.mcu.externaltools.gnu-tools-for-stm32.7-2018-q2-update.linux64_1.0.0.201904181610/tools/bin/../lib/gcc/arm-none-eabi/7.3.1/thumb/v6-m/libgcc.a(_dvmd_tls.o)
                0x000000000800021c                __aeabi_ldiv0
                0x000000000800021c                __aeabi_idiv0
 *(.text*)
 .text.GetPage  0x0000000008000220       0x28 Core/Src/FlASH_PAGE_F1.o
 .text.Flash_Write_Data
                0x0000000008000248       0x7c Core/Src/FlASH_PAGE_F1.o
                0x0000000008000248                Flash_Write_Data
 .text.Flash_Read_Data
                0x00000000080002c4       0x18 Core/Src/FlASH_PAGE_F1.o
                0x00000000080002c4                Flash_Read_Data
 .text.SystemClock_Config
                0x00000000080002dc       0x4c Core/Src/main.o
                0x00000000080002dc                SystemClock_Config
 .text.main     0x0000000008000328       0xa0 Core/Src/main.o
                0x0000000008000328                main
 .text.HAL_MspInit
                0x00000000080003c8       0x30 Core/Src/stm32f0xx_hal_msp.o
                0x00000000080003c8                HAL_MspInit
 .text.NMI_Handler
                0x00000000080003f8        0x2 Core/Src/stm32f0xx_it.o
                0x00000000080003f8                NMI_Handler
 .text.HardFault_Handler
                0x00000000080003fa        0x2 Core/Src/stm32f0xx_it.o
                0x00000000080003fa                HardFault_Handler
 .text.SVC_Handler
                0x00000000080003fc        0x2 Core/Src/stm32f0xx_it.o
                0x00000000080003fc                SVC_Handler
 .text.PendSV_Handler
                0x00000000080003fe        0x2 Core/Src/stm32f0xx_it.o
                0x00000000080003fe                PendSV_Handler
 .text.SysTick_Handler
                0x0000000008000400        0x8 Core/Src/stm32f0xx_it.o
                0x0000000008000400                SysTick_Handler
 .text.SystemInit
                0x0000000008000408        0x2 Core/Src/system_stm32f0xx.o
                0x0000000008000408                SystemInit
 *fill*         0x000000000800040a        0x2 
 .text.Reset_Handler
                0x000000000800040c       0x50 Core/Startup/startup_stm32f030f4px.o
                0x000000000800040c                Reset_Handler
 .text.Default_Handler
                0x000000000800045c        0x2 Core/Startup/startup_stm32f030f4px.o
                0x000000000800045c                TIM1_CC_IRQHandler
                0x000000000800045c                I2C1_IRQHandler
                0x000000000800045c                SPI1_IRQHandler
                0x000000000800045c                EXTI2_3_IRQHandler
                0x000000000800045c                ADC1_IRQHandler
                0x000000000800045c                TIM17_IRQHandler
                0x000000000800045c                RTC_IRQHandler
                0x000000000800045c                TIM16_IRQHandler
                0x000000000800045c                TIM3_IRQHandler
                0x000000000800045c                EXTI4_15_IRQHandler
                0x000000000800045c                RCC_IRQHandler
                0x000000000800045c                DMA1_Channel1_IRQHandler
                0x000000000800045c                Default_Handler
                0x000000000800045c                TIM14_IRQHandler
                0x000000000800045c                DMA1_Channel4_5_IRQHandler
                0x000000000800045c                EXTI0_1_IRQHandler
                0x000000000800045c                WWDG_IRQHandler
                0x000000000800045c                DMA1_Channel2_3_IRQHandler
                0x000000000800045c                FLASH_IRQHandler
                0x000000000800045c                USART1_IRQHandler
                0x000000000800045c                TIM1_BRK_UP_TRG_COM_IRQHandler
 *fill*         0x000000000800045e        0x2 
 .text.HAL_InitTick
                0x0000000008000460       0x4c Drivers/STM32F0xx_HAL_Driver/Src/stm32f0xx_hal.o
                0x0000000008000460                HAL_InitTick
 .text.HAL_Init
                0x00000000080004ac       0x20 Drivers/STM32F0xx_HAL_Driver/Src/stm32f0xx_hal.o
                0x00000000080004ac                HAL_Init
 .text.HAL_IncTick
                0x00000000080004cc       0x18 Drivers/STM32F0xx_HAL_Driver/Src/stm32f0xx_hal.o
                0x00000000080004cc                HAL_IncTick
 .text.HAL_GetTick
                0x00000000080004e4        0xc Drivers/STM32F0xx_HAL_Driver/Src/stm32f0xx_hal.o
                0x00000000080004e4                HAL_GetTick
 .text.HAL_Delay
                0x00000000080004f0       0x24 Drivers/STM32F0xx_HAL_Driver/Src/stm32f0xx_hal.o
                0x00000000080004f0                HAL_Delay
 .text.HAL_NVIC_SetPriority
                0x0000000008000514       0x64 Drivers/STM32F0xx_HAL_Driver/Src/stm32f0xx_hal_cortex.o
                0x0000000008000514                HAL_NVIC_SetPriority
 .text.HAL_SYSTICK_Config
                0x0000000008000578       0x38 Drivers/STM32F0xx_HAL_Driver/Src/stm32f0xx_hal_cortex.o
                0x0000000008000578                HAL_SYSTICK_Config
 .text.FLASH_SetErrorCode
                0x00000000080005b0       0x3c Drivers/STM32F0xx_HAL_Driver/Src/stm32f0xx_hal_flash.o
 .text.HAL_FLASH_Unlock
                0x00000000080005ec       0x28 Drivers/STM32F0xx_HAL_Driver/Src/stm32f0xx_hal_flash.o
                0x00000000080005ec                HAL_FLASH_Unlock
 .text.HAL_FLASH_Lock
                0x0000000008000614       0x14 Drivers/STM32F0xx_HAL_Driver/Src/stm32f0xx_hal_flash.o
                0x0000000008000614                HAL_FLASH_Lock
 .text.HAL_FLASH_GetError
                0x0000000008000628        0xc Drivers/STM32F0xx_HAL_Driver/Src/stm32f0xx_hal_flash.o
                0x0000000008000628                HAL_FLASH_GetError
 .text.FLASH_WaitForLastOperation
                0x0000000008000634       0x5c Drivers/STM32F0xx_HAL_Driver/Src/stm32f0xx_hal_flash.o
                0x0000000008000634                FLASH_WaitForLastOperation
 .text.HAL_FLASH_Program
                0x0000000008000690       0xcc Drivers/STM32F0xx_HAL_Driver/Src/stm32f0xx_hal_flash.o
                0x0000000008000690                HAL_FLASH_Program
 .text.FLASH_MassErase
                0x000000000800075c       0x24 Drivers/STM32F0xx_HAL_Driver/Src/stm32f0xx_hal_flash_ex.o
 .text.FLASH_PageErase
                0x0000000008000780       0x24 Drivers/STM32F0xx_HAL_Driver/Src/stm32f0xx_hal_flash_ex.o
                0x0000000008000780                FLASH_PageErase
 .text.HAL_FLASHEx_Erase
                0x00000000080007a4       0xc0 Drivers/STM32F0xx_HAL_Driver/Src/stm32f0xx_hal_flash_ex.o
                0x00000000080007a4                HAL_FLASHEx_Erase
 .text.HAL_GPIO_Init
                0x0000000008000864      0x20c Drivers/STM32F0xx_HAL_Driver/Src/stm32f0xx_hal_gpio.o
                0x0000000008000864                HAL_GPIO_Init
 .text.HAL_GPIO_WritePin
                0x0000000008000a70        0xc Drivers/STM32F0xx_HAL_Driver/Src/stm32f0xx_hal_gpio.o
                0x0000000008000a70                HAL_GPIO_WritePin
 .text.HAL_GPIO_TogglePin
                0x0000000008000a7c       0x10 Drivers/STM32F0xx_HAL_Driver/Src/stm32f0xx_hal_gpio.o
                0x0000000008000a7c                HAL_GPIO_TogglePin
 .text.HAL_RCC_OscConfig
                0x0000000008000a8c      0x4cc Drivers/STM32F0xx_HAL_Driver/Src/stm32f0xx_hal_rcc.o
                0x0000000008000a8c                HAL_RCC_OscConfig
 .text.HAL_RCC_GetSysClockFreq
                0x0000000008000f58       0x70 Drivers/STM32F0xx_HAL_Driver/Src/stm32f0xx_hal_rcc.o
                0x0000000008000f58                HAL_RCC_GetSysClockFreq
 .text.HAL_RCC_ClockConfig
                0x0000000008000fc8      0x138 Drivers/STM32F0xx_HAL_Driver/Src/stm32f0xx_hal_rcc.o
                0x0000000008000fc8                HAL_RCC_ClockConfig
 .text.__libc_init_array
                0x0000000008001100       0x48 /opt/st/stm32cubeide_1.3.0/plugins/com.st.stm32cube.ide.mcu.externaltools.gnu-tools-for-stm32.7-2018-q2-update.linux64_1.0.0.201904181610/tools/bin/../lib/gcc/arm-none-eabi/7.3.1/../../../../arm-none-eabi/lib/thumb/v6-m/libc_nano.a(lib_a-init.o)
                0x0000000008001100                __libc_init_array
 .text.memset   0x0000000008001148       0x10 /opt/st/stm32cubeide_1.3.0/plugins/com.st.stm32cube.ide.mcu.externaltools.gnu-tools-for-stm32.7-2018-q2-update.linux64_1.0.0.201904181610/tools/bin/../lib/gcc/arm-none-eabi/7.3.1/../../../../arm-none-eabi/lib/thumb/v6-m/libc_nano.a(lib_a-memset.o)
                0x0000000008001148                memset
 *(.glue_7)
 .glue_7        0x0000000008001158        0x0 linker stubs
 *(.glue_7t)
 .glue_7t       0x0000000008001158        0x0 linker stubs
 *(.eh_frame)
 .eh_frame      0x0000000008001158        0x0 /opt/st/stm32cubeide_1.3.0/plugins/com.st.stm32cube.ide.mcu.externaltools.gnu-tools-for-stm32.7-2018-q2-update.linux64_1.0.0.201904181610/tools/bin/../lib/gcc/arm-none-eabi/7.3.1/thumb/v6-m/crtbegin.o
 *(.init)
 .init          0x0000000008001158        0x4 /opt/st/stm32cubeide_1.3.0/plugins/com.st.stm32cube.ide.mcu.externaltools.gnu-tools-for-stm32.7-2018-q2-update.linux64_1.0.0.201904181610/tools/bin/../lib/gcc/arm-none-eabi/7.3.1/thumb/v6-m/crti.o
                0x0000000008001158                _init
 .init          0x000000000800115c        0x8 /opt/st/stm32cubeide_1.3.0/plugins/com.st.stm32cube.ide.mcu.externaltools.gnu-tools-for-stm32.7-2018-q2-update.linux64_1.0.0.201904181610/tools/bin/../lib/gcc/arm-none-eabi/7.3.1/thumb/v6-m/crtn.o
 *(.fini)
 .fini          0x0000000008001164        0x4 /opt/st/stm32cubeide_1.3.0/plugins/com.st.stm32cube.ide.mcu.externaltools.gnu-tools-for-stm32.7-2018-q2-update.linux64_1.0.0.201904181610/tools/bin/../lib/gcc/arm-none-eabi/7.3.1/thumb/v6-m/crti.o
                0x0000000008001164                _fini
 .fini          0x0000000008001168        0x8 /opt/st/stm32cubeide_1.3.0/plugins/com.st.stm32cube.ide.mcu.externaltools.gnu-tools-for-stm32.7-2018-q2-update.linux64_1.0.0.201904181610/tools/bin/../lib/gcc/arm-none-eabi/7.3.1/thumb/v6-m/crtn.o
                0x0000000008001170                . = ALIGN (0x4)
                0x0000000008001170                _etext = .

.vfp11_veneer   0x0000000008001170        0x0
 .vfp11_veneer  0x0000000008001170        0x0 linker stubs

.v4_bx          0x0000000008001170        0x0
 .v4_bx         0x0000000008001170        0x0 linker stubs

.iplt           0x0000000008001170        0x0
 .iplt          0x0000000008001170        0x0 /opt/st/stm32cubeide_1.3.0/plugins/com.st.stm32cube.ide.mcu.externaltools.gnu-tools-for-stm32.7-2018-q2-update.linux64_1.0.0.201904181610/tools/bin/../lib/gcc/arm-none-eabi/7.3.1/thumb/v6-m/crtbegin.o

.rodata         0x0000000008001170       0x30
                0x0000000008001170                . = ALIGN (0x4)
 *(.rodata)
 .rodata        0x0000000008001170       0x20 Drivers/STM32F0xx_HAL_Driver/Src/stm32f0xx_hal_rcc.o
 *(.rodata*)
 .rodata.AHBPrescTable
                0x0000000008001190       0x10 Core/Src/system_stm32f0xx.o
                0x0000000008001190                AHBPrescTable
                0x00000000080011a0                . = ALIGN (0x4)

.rel.dyn        0x00000000080011a0        0x0
 .rel.iplt      0x00000000080011a0        0x0 /opt/st/stm32cubeide_1.3.0/plugins/com.st.stm32cube.ide.mcu.externaltools.gnu-tools-for-stm32.7-2018-q2-update.linux64_1.0.0.201904181610/tools/bin/../lib/gcc/arm-none-eabi/7.3.1/thumb/v6-m/crtbegin.o

.ARM.extab      0x00000000080011a0        0x0
                0x00000000080011a0                . = ALIGN (0x4)
 *(.ARM.extab* .gnu.linkonce.armextab.*)
                0x00000000080011a0                . = ALIGN (0x4)

.ARM            0x00000000080011a0        0x0
                0x00000000080011a0                . = ALIGN (0x4)
                0x00000000080011a0                __exidx_start = .
 *(.ARM.exidx*)
                0x00000000080011a0                __exidx_end = .
                0x00000000080011a0                . = ALIGN (0x4)

.preinit_array  0x00000000080011a0        0x0
                0x00000000080011a0                . = ALIGN (0x4)
                0x00000000080011a0                PROVIDE (__preinit_array_start = .)
 *(.preinit_array*)
                0x00000000080011a0                PROVIDE (__preinit_array_end = .)
                0x00000000080011a0                . = ALIGN (0x4)

.init_array     0x00000000080011a0        0x4
                0x00000000080011a0                . = ALIGN (0x4)
                0x00000000080011a0                PROVIDE (__init_array_start = .)
 *(SORT_BY_NAME(.init_array.*))
 *(.init_array*)
 .init_array    0x00000000080011a0        0x4 /opt/st/stm32cubeide_1.3.0/plugins/com.st.stm32cube.ide.mcu.externaltools.gnu-tools-for-stm32.7-2018-q2-update.linux64_1.0.0.201904181610/tools/bin/../lib/gcc/arm-none-eabi/7.3.1/thumb/v6-m/crtbegin.o
                0x00000000080011a4                PROVIDE (__init_array_end = .)
                0x00000000080011a4                . = ALIGN (0x4)

.fini_array     0x00000000080011a4        0x4
                0x00000000080011a4                . = ALIGN (0x4)
                [!provide]                        PROVIDE (__fini_array_start = .)
 *(SORT_BY_NAME(.fini_array.*))
 *(.fini_array*)
 .fini_array    0x00000000080011a4        0x4 /opt/st/stm32cubeide_1.3.0/plugins/com.st.stm32cube.ide.mcu.externaltools.gnu-tools-for-stm32.7-2018-q2-update.linux64_1.0.0.201904181610/tools/bin/../lib/gcc/arm-none-eabi/7.3.1/thumb/v6-m/crtbegin.o
                [!provide]                        PROVIDE (__fini_array_end = .)
                0x00000000080011a8                . = ALIGN (0x4)
                0x00000000080011a8                _sidata = LOADADDR (.data)

.data           0x0000000020000000       0x30 load address 0x00000000080011a8
                0x0000000020000000                . = ALIGN (0x4)
                0x0000000020000000                _sdata = .
 *(.data)
 *(.data*)
 .data.data2    0x0000000020000000       0x24 Core/Src/main.o
                0x0000000020000000                data2
 .data.SystemCoreClock
                0x0000000020000024        0x4 Core/Src/system_stm32f0xx.o
                0x0000000020000024                SystemCoreClock
 .data.uwTickFreq
                0x0000000020000028        0x1 Drivers/STM32F0xx_HAL_Driver/Src/stm32f0xx_hal.o
                0x0000000020000028                uwTickFreq
 *fill*         0x0000000020000029        0x3 
 .data.uwTickPrio
                0x000000002000002c        0x4 Drivers/STM32F0xx_HAL_Driver/Src/stm32f0xx_hal.o
                0x000000002000002c                uwTickPrio
                0x0000000020000030                . = ALIGN (0x4)
                0x0000000020000030                _edata = .

.igot.plt       0x0000000020000030        0x0 load address 0x00000000080011d8
 .igot.plt      0x0000000020000030        0x0 /opt/st/stm32cubeide_1.3.0/plugins/com.st.stm32cube.ide.mcu.externaltools.gnu-tools-for-stm32.7-2018-q2-update.linux64_1.0.0.201904181610/tools/bin/../lib/gcc/arm-none-eabi/7.3.1/thumb/v6-m/crtbegin.o
                0x0000000020000030                . = ALIGN (0x4)

.bss            0x0000000020000030       0xc8 load address 0x00000000080011d8
                0x0000000020000030                _sbss = .
                0x0000000020000030                __bss_start__ = _sbss
 *(.bss)
 .bss           0x0000000020000030       0x1c /opt/st/stm32cubeide_1.3.0/plugins/com.st.stm32cube.ide.mcu.externaltools.gnu-tools-for-stm32.7-2018-q2-update.linux64_1.0.0.201904181610/tools/bin/../lib/gcc/arm-none-eabi/7.3.1/thumb/v6-m/crtbegin.o
 *(.bss*)
 .bss.EraseInitStruct.6558
                0x000000002000004c        0xc Core/Src/FlASH_PAGE_F1.o
 *(COMMON)
 COMMON         0x0000000020000058       0x78 Core/Src/main.o
                0x0000000020000058                Rx_Data
 COMMON         0x00000000200000d0        0x4 Drivers/STM32F0xx_HAL_Driver/Src/stm32f0xx_hal.o
                0x00000000200000d0                uwTick
 *fill*         0x00000000200000d4        0x4 
 COMMON         0x00000000200000d8       0x20 Drivers/STM32F0xx_HAL_Driver/Src/stm32f0xx_hal_flash.o
                0x00000000200000d8                pFlash
                0x00000000200000f8                . = ALIGN (0x4)
                0x00000000200000f8                _ebss = .
                0x00000000200000f8                __bss_end__ = _ebss

._user_heap_stack
                0x00000000200000f8      0x600 load address 0x00000000080011d8
                0x00000000200000f8                . = ALIGN (0x8)
                0x00000000200000f8                PROVIDE (end = .)
                [!provide]                        PROVIDE (_end = .)
                0x00000000200002f8                . = (. + _Min_Heap_Size)
 *fill*         0x00000000200000f8      0x200 
                0x00000000200006f8                . = (. + _Min_Stack_Size)
 *fill*         0x00000000200002f8      0x400 
                0x00000000200006f8                . = ALIGN (0x8)

/DISCARD/
 libc.a(*)
 libm.a(*)
 libgcc.a(*)

.ARM.attributes
                0x0000000000000000       0x28
 *(.ARM.attributes)
 .ARM.attributes
                0x0000000000000000       0x1e /opt/st/stm32cubeide_1.3.0/plugins/com.st.stm32cube.ide.mcu.externaltools.gnu-tools-for-stm32.7-2018-q2-update.linux64_1.0.0.201904181610/tools/bin/../lib/gcc/arm-none-eabi/7.3.1/thumb/v6-m/crti.o
 .ARM.attributes
                0x000000000000001e       0x2c /opt/st/stm32cubeide_1.3.0/plugins/com.st.stm32cube.ide.mcu.externaltools.gnu-tools-for-stm32.7-2018-q2-update.linux64_1.0.0.201904181610/tools/bin/../lib/gcc/arm-none-eabi/7.3.1/thumb/v6-m/crtbegin.o
 .ARM.attributes
                0x000000000000004a       0x31 Core/Src/FlASH_PAGE_F1.o
 .ARM.attributes
                0x000000000000007b       0x31 Core/Src/main.o
 .ARM.attributes
                0x00000000000000ac       0x31 Core/Src/stm32f0xx_hal_msp.o
 .ARM.attributes
                0x00000000000000dd       0x31 Core/Src/stm32f0xx_it.o
 .ARM.attributes
                0x000000000000010e       0x31 Core/Src/system_stm32f0xx.o
 .ARM.attributes
                0x000000000000013f       0x21 Core/Startup/startup_stm32f030f4px.o
 .ARM.attributes
                0x0000000000000160       0x31 Drivers/STM32F0xx_HAL_Driver/Src/stm32f0xx_hal.o
 .ARM.attributes
                0x0000000000000191       0x31 Drivers/STM32F0xx_HAL_Driver/Src/stm32f0xx_hal_cortex.o
 .ARM.attributes
                0x00000000000001c2       0x31 Drivers/STM32F0xx_HAL_Driver/Src/stm32f0xx_hal_flash.o
 .ARM.attributes
                0x00000000000001f3       0x31 Drivers/STM32F0xx_HAL_Driver/Src/stm32f0xx_hal_flash_ex.o
 .ARM.attributes
                0x0000000000000224       0x31 Drivers/STM32F0xx_HAL_Driver/Src/stm32f0xx_hal_gpio.o
 .ARM.attributes
                0x0000000000000255       0x31 Drivers/STM32F0xx_HAL_Driver/Src/stm32f0xx_hal_rcc.o
 .ARM.attributes
                0x0000000000000286       0x2c /opt/st/stm32cubeide_1.3.0/plugins/com.st.stm32cube.ide.mcu.externaltools.gnu-tools-for-stm32.7-2018-q2-update.linux64_1.0.0.201904181610/tools/bin/../lib/gcc/arm-none-eabi/7.3.1/../../../../arm-none-eabi/lib/thumb/v6-m/libc_nano.a(lib_a-init.o)
 .ARM.attributes
                0x00000000000002b2       0x2c /opt/st/stm32cubeide_1.3.0/plugins/com.st.stm32cube.ide.mcu.externaltools.gnu-tools-for-stm32.7-2018-q2-update.linux64_1.0.0.201904181610/tools/bin/../lib/gcc/arm-none-eabi/7.3.1/../../../../arm-none-eabi/lib/thumb/v6-m/libc_nano.a(lib_a-memset.o)
 .ARM.attributes
                0x00000000000002de       0x1e /opt/st/stm32cubeide_1.3.0/plugins/com.st.stm32cube.ide.mcu.externaltools.gnu-tools-for-stm32.7-2018-q2-update.linux64_1.0.0.201904181610/tools/bin/../lib/gcc/arm-none-eabi/7.3.1/thumb/v6-m/libgcc.a(_udivsi3.o)
 .ARM.attributes
                0x00000000000002fc       0x1e /opt/st/stm32cubeide_1.3.0/plugins/com.st.stm32cube.ide.mcu.externaltools.gnu-tools-for-stm32.7-2018-q2-update.linux64_1.0.0.201904181610/tools/bin/../lib/gcc/arm-none-eabi/7.3.1/thumb/v6-m/libgcc.a(_dvmd_tls.o)
 .ARM.attributes
                0x000000000000031a       0x1e /opt/st/stm32cubeide_1.3.0/plugins/com.st.stm32cube.ide.mcu.externaltools.gnu-tools-for-stm32.7-2018-q2-update.linux64_1.0.0.201904181610/tools/bin/../lib/gcc/arm-none-eabi/7.3.1/thumb/v6-m/crtn.o
OUTPUT(EEPROM_Emulation.elf elf32-littlearm)

.debug_info     0x0000000000000000     0x5448
 .debug_info    0x0000000000000000      0xe35 Core/Src/FlASH_PAGE_F1.o
 .debug_info    0x0000000000000e35      0xf5d Core/Src/main.o
 .debug_info    0x0000000000001d92      0x25e Core/Src/stm32f0xx_hal_msp.o
 .debug_info    0x0000000000001ff0      0x1bc Core/Src/stm32f0xx_it.o
 .debug_info    0x00000000000021ac      0x2a2 Core/Src/system_stm32f0xx.o
 .debug_info    0x000000000000244e       0x22 Core/Startup/startup_stm32f030f4px.o
 .debug_info    0x0000000000002470      0x6ec Drivers/STM32F0xx_HAL_Driver/Src/stm32f0xx_hal.o
 .debug_info    0x0000000000002b5c      0x7f5 Drivers/STM32F0xx_HAL_Driver/Src/stm32f0xx_hal_cortex.o
 .debug_info    0x0000000000003351      0x6c0 Drivers/STM32F0xx_HAL_Driver/Src/stm32f0xx_hal_flash.o
 .debug_info    0x0000000000003a11      0x9ee Drivers/STM32F0xx_HAL_Driver/Src/stm32f0xx_hal_flash_ex.o
 .debug_info    0x00000000000043ff      0x67b Drivers/STM32F0xx_HAL_Driver/Src/stm32f0xx_hal_gpio.o
 .debug_info    0x0000000000004a7a      0x9ce Drivers/STM32F0xx_HAL_Driver/Src/stm32f0xx_hal_rcc.o

.debug_abbrev   0x0000000000000000     0x1648
 .debug_abbrev  0x0000000000000000      0x2aa Core/Src/FlASH_PAGE_F1.o
 .debug_abbrev  0x00000000000002aa      0x2b6 Core/Src/main.o
 .debug_abbrev  0x0000000000000560      0x109 Core/Src/stm32f0xx_hal_msp.o
 .debug_abbrev  0x0000000000000669       0xe4 Core/Src/stm32f0xx_it.o
 .debug_abbrev  0x000000000000074d      0x12b Core/Src/system_stm32f0xx.o
 .debug_abbrev  0x0000000000000878       0x12 Core/Startup/startup_stm32f030f4px.o
 .debug_abbrev  0x000000000000088a      0x234 Drivers/STM32F0xx_HAL_Driver/Src/stm32f0xx_hal.o
 .debug_abbrev  0x0000000000000abe      0x264 Drivers/STM32F0xx_HAL_Driver/Src/stm32f0xx_hal_cortex.o
 .debug_abbrev  0x0000000000000d22      0x271 Drivers/STM32F0xx_HAL_Driver/Src/stm32f0xx_hal_flash.o
 .debug_abbrev  0x0000000000000f93      0x277 Drivers/STM32F0xx_HAL_Driver/Src/stm32f0xx_hal_flash_ex.o
 .debug_abbrev  0x000000000000120a      0x1de Drivers/STM32F0xx_HAL_Driver/Src/stm32f0xx_hal_gpio.o
 .debug_abbrev  0x00000000000013e8      0x260 Drivers/STM32F0xx_HAL_Driver/Src/stm32f0xx_hal_rcc.o

.debug_loc      0x0000000000000000     0x1cb8
 .debug_loc     0x0000000000000000      0x3a0 Core/Src/FlASH_PAGE_F1.o
 .debug_loc     0x00000000000003a0      0x179 Core/Src/system_stm32f0xx.o
 .debug_loc     0x0000000000000519      0x101 Drivers/STM32F0xx_HAL_Driver/Src/stm32f0xx_hal.o
 .debug_loc     0x000000000000061a      0x3bf Drivers/STM32F0xx_HAL_Driver/Src/stm32f0xx_hal_cortex.o
 .debug_loc     0x00000000000009d9      0x3b8 Drivers/STM32F0xx_HAL_Driver/Src/stm32f0xx_hal_flash.o
 .debug_loc     0x0000000000000d91      0x628 Drivers/STM32F0xx_HAL_Driver/Src/stm32f0xx_hal_flash_ex.o
 .debug_loc     0x00000000000013b9      0x419 Drivers/STM32F0xx_HAL_Driver/Src/stm32f0xx_hal_gpio.o
 .debug_loc     0x00000000000017d2      0x4e6 Drivers/STM32F0xx_HAL_Driver/Src/stm32f0xx_hal_rcc.o

.debug_aranges  0x0000000000000000      0x438
 .debug_aranges
                0x0000000000000000       0x58 Core/Src/FlASH_PAGE_F1.o
 .debug_aranges
                0x0000000000000058       0x30 Core/Src/main.o
 .debug_aranges
                0x0000000000000088       0x20 Core/Src/stm32f0xx_hal_msp.o
 .debug_aranges
                0x00000000000000a8       0x40 Core/Src/stm32f0xx_it.o
 .debug_aranges
                0x00000000000000e8       0x28 Core/Src/system_stm32f0xx.o
 .debug_aranges
                0x0000000000000110       0x28 Core/Startup/startup_stm32f030f4px.o
 .debug_aranges
                0x0000000000000138       0xd0 Drivers/STM32F0xx_HAL_Driver/Src/stm32f0xx_hal.o
 .debug_aranges
                0x0000000000000208       0x78 Drivers/STM32F0xx_HAL_Driver/Src/stm32f0xx_hal_cortex.o
 .debug_aranges
                0x0000000000000280       0x80 Drivers/STM32F0xx_HAL_Driver/Src/stm32f0xx_hal_flash.o
 .debug_aranges
                0x0000000000000300       0x60 Drivers/STM32F0xx_HAL_Driver/Src/stm32f0xx_hal_flash_ex.o
 .debug_aranges
                0x0000000000000360       0x58 Drivers/STM32F0xx_HAL_Driver/Src/stm32f0xx_hal_gpio.o
 .debug_aranges
                0x00000000000003b8       0x80 Drivers/STM32F0xx_HAL_Driver/Src/stm32f0xx_hal_rcc.o

.debug_ranges   0x0000000000000000      0x448
 .debug_ranges  0x0000000000000000       0x48 Core/Src/FlASH_PAGE_F1.o
 .debug_ranges  0x0000000000000048       0x20 Core/Src/main.o
 .debug_ranges  0x0000000000000068       0x10 Core/Src/stm32f0xx_hal_msp.o
 .debug_ranges  0x0000000000000078       0x30 Core/Src/stm32f0xx_it.o
 .debug_ranges  0x00000000000000a8       0x18 Core/Src/system_stm32f0xx.o
 .debug_ranges  0x00000000000000c0       0x20 Core/Startup/startup_stm32f030f4px.o
 .debug_ranges  0x00000000000000e0       0xc0 Drivers/STM32F0xx_HAL_Driver/Src/stm32f0xx_hal.o
 .debug_ranges  0x00000000000001a0       0xb0 Drivers/STM32F0xx_HAL_Driver/Src/stm32f0xx_hal_cortex.o
 .debug_ranges  0x0000000000000250       0x88 Drivers/STM32F0xx_HAL_Driver/Src/stm32f0xx_hal_flash.o
 .debug_ranges  0x00000000000002d8       0xa0 Drivers/STM32F0xx_HAL_Driver/Src/stm32f0xx_hal_flash_ex.o
 .debug_ranges  0x0000000000000378       0x48 Drivers/STM32F0xx_HAL_Driver/Src/stm32f0xx_hal_gpio.o
 .debug_ranges  0x00000000000003c0       0x88 Drivers/STM32F0xx_HAL_Driver/Src/stm32f0xx_hal_rcc.o

.debug_macro    0x0000000000000000     0xf010
 .debug_macro   0x0000000000000000      0x329 Core/Src/FlASH_PAGE_F1.o
 .debug_macro   0x0000000000000329      0xa48 Core/Src/FlASH_PAGE_F1.o
 .debug_macro   0x0000000000000d71      0x127 Core/Src/FlASH_PAGE_F1.o
 .debug_macro   0x0000000000000e98       0x2e Core/Src/FlASH_PAGE_F1.o
 .debug_macro   0x0000000000000ec6       0x22 Core/Src/FlASH_PAGE_F1.o
 .debug_macro   0x0000000000000ee8       0x22 Core/Src/FlASH_PAGE_F1.o
 .debug_macro   0x0000000000000f0a       0x8e Core/Src/FlASH_PAGE_F1.o
 .debug_macro   0x0000000000000f98       0x51 Core/Src/FlASH_PAGE_F1.o
 .debug_macro   0x0000000000000fe9       0xef Core/Src/FlASH_PAGE_F1.o
 .debug_macro   0x00000000000010d8       0x6a Core/Src/FlASH_PAGE_F1.o
 .debug_macro   0x0000000000001142      0x1df Core/Src/FlASH_PAGE_F1.o
 .debug_macro   0x0000000000001321       0x1c Core/Src/FlASH_PAGE_F1.o
 .debug_macro   0x000000000000133d       0x22 Core/Src/FlASH_PAGE_F1.o
 .debug_macro   0x000000000000135f       0xb5 Core/Src/FlASH_PAGE_F1.o
 .debug_macro   0x0000000000001414      0x391 Core/Src/FlASH_PAGE_F1.o
 .debug_macro   0x00000000000017a5     0x6e67 Core/Src/FlASH_PAGE_F1.o
 .debug_macro   0x000000000000860c       0x66 Core/Src/FlASH_PAGE_F1.o
 .debug_macro   0x0000000000008672     0x34a6 Core/Src/FlASH_PAGE_F1.o
 .debug_macro   0x000000000000bb18      0x174 Core/Src/FlASH_PAGE_F1.o
 .debug_macro   0x000000000000bc8c       0x55 Core/Src/FlASH_PAGE_F1.o
 .debug_macro   0x000000000000bce1      0x924 Core/Src/FlASH_PAGE_F1.o
 .debug_macro   0x000000000000c605       0xe5 Core/Src/FlASH_PAGE_F1.o
 .debug_macro   0x000000000000c6ea      0x1af Core/Src/FlASH_PAGE_F1.o
 .debug_macro   0x000000000000c899       0xb3 Core/Src/FlASH_PAGE_F1.o
 .debug_macro   0x000000000000c94c      0x1a0 Core/Src/FlASH_PAGE_F1.o
 .debug_macro   0x000000000000caec      0x1ed Core/Src/FlASH_PAGE_F1.o
 .debug_macro   0x000000000000ccd9       0x34 Core/Src/FlASH_PAGE_F1.o
 .debug_macro   0x000000000000cd0d       0x43 Core/Src/FlASH_PAGE_F1.o
 .debug_macro   0x000000000000cd50       0x28 Core/Src/FlASH_PAGE_F1.o
 .debug_macro   0x000000000000cd78       0xb0 Core/Src/FlASH_PAGE_F1.o
 .debug_macro   0x000000000000ce28      0x15a Core/Src/FlASH_PAGE_F1.o
 .debug_macro   0x000000000000cf82      0x22c Core/Src/FlASH_PAGE_F1.o
 .debug_macro   0x000000000000d1ae       0x61 Core/Src/FlASH_PAGE_F1.o
 .debug_macro   0x000000000000d20f       0xa5 Core/Src/FlASH_PAGE_F1.o
 .debug_macro   0x000000000000d2b4       0x4c Core/Src/FlASH_PAGE_F1.o
 .debug_macro   0x000000000000d300       0x2b Core/Src/FlASH_PAGE_F1.o
 .debug_macro   0x000000000000d32b       0xf1 Core/Src/FlASH_PAGE_F1.o
 .debug_macro   0x000000000000d41c       0x46 Core/Src/FlASH_PAGE_F1.o
 .debug_macro   0x000000000000d462       0x18 Core/Src/FlASH_PAGE_F1.o
 .debug_macro   0x000000000000d47a       0x3c Core/Src/FlASH_PAGE_F1.o
 .debug_macro   0x000000000000d4b6       0x34 Core/Src/FlASH_PAGE_F1.o
 .debug_macro   0x000000000000d4ea       0x52 Core/Src/FlASH_PAGE_F1.o
 .debug_macro   0x000000000000d53c       0x1f Core/Src/FlASH_PAGE_F1.o
 .debug_macro   0x000000000000d55b       0x43 Core/Src/FlASH_PAGE_F1.o
 .debug_macro   0x000000000000d59e       0x20 Core/Src/FlASH_PAGE_F1.o
 .debug_macro   0x000000000000d5be      0x1a3 Core/Src/FlASH_PAGE_F1.o
 .debug_macro   0x000000000000d761      0x32a Core/Src/FlASH_PAGE_F1.o
 .debug_macro   0x000000000000da8b       0x10 Core/Src/FlASH_PAGE_F1.o
 .debug_macro   0x000000000000da9b       0x35 Core/Src/FlASH_PAGE_F1.o
 .debug_macro   0x000000000000dad0       0x20 Core/Src/FlASH_PAGE_F1.o
 .debug_macro   0x000000000000daf0       0x1c Core/Src/FlASH_PAGE_F1.o
 .debug_macro   0x000000000000db0c       0x10 Core/Src/FlASH_PAGE_F1.o
 .debug_macro   0x000000000000db1c       0x10 Core/Src/FlASH_PAGE_F1.o
 .debug_macro   0x000000000000db2c       0x1c Core/Src/FlASH_PAGE_F1.o
 .debug_macro   0x000000000000db48       0x52 Core/Src/FlASH_PAGE_F1.o
 .debug_macro   0x000000000000db9a       0x40 Core/Src/FlASH_PAGE_F1.o
 .debug_macro   0x000000000000dbda       0x10 Core/Src/FlASH_PAGE_F1.o
 .debug_macro   0x000000000000dbea       0x40 Core/Src/FlASH_PAGE_F1.o
 .debug_macro   0x000000000000dc2a       0xd7 Core/Src/FlASH_PAGE_F1.o
 .debug_macro   0x000000000000dd01       0x1c Core/Src/FlASH_PAGE_F1.o
 .debug_macro   0x000000000000dd1d       0x3d Core/Src/FlASH_PAGE_F1.o
 .debug_macro   0x000000000000dd5a       0x16 Core/Src/FlASH_PAGE_F1.o
 .debug_macro   0x000000000000dd70      0x145 Core/Src/FlASH_PAGE_F1.o
 .debug_macro   0x000000000000deb5      0x273 Core/Src/main.o
 .debug_macro   0x000000000000e128       0x10 Core/Src/main.o
 .debug_macro   0x000000000000e138      0x1a8 Core/Src/stm32f0xx_hal_msp.o
 .debug_macro   0x000000000000e2e0      0x1b2 Core/Src/stm32f0xx_it.o
 .debug_macro   0x000000000000e492      0x199 Core/Src/system_stm32f0xx.o
 .debug_macro   0x000000000000e62b      0x1bd Drivers/STM32F0xx_HAL_Driver/Src/stm32f0xx_hal.o
 .debug_macro   0x000000000000e7e8      0x199 Drivers/STM32F0xx_HAL_Driver/Src/stm32f0xx_hal_cortex.o
 .debug_macro   0x000000000000e981      0x199 Drivers/STM32F0xx_HAL_Driver/Src/stm32f0xx_hal_flash.o
 .debug_macro   0x000000000000eb1a      0x1ab Drivers/STM32F0xx_HAL_Driver/Src/stm32f0xx_hal_flash_ex.o
 .debug_macro   0x000000000000ecc5      0x1a0 Drivers/STM32F0xx_HAL_Driver/Src/stm32f0xx_hal_gpio.o
 .debug_macro   0x000000000000ee65      0x1ab Drivers/STM32F0xx_HAL_Driver/Src/stm32f0xx_hal_rcc.o

.debug_line     0x0000000000000000     0x5626
 .debug_line    0x0000000000000000      0x92d Core/Src/FlASH_PAGE_F1.o
 .debug_line    0x000000000000092d      0x801 Core/Src/main.o
 .debug_line    0x000000000000112e      0x655 Core/Src/stm32f0xx_hal_msp.o
 .debug_line    0x0000000000001783      0x6a4 Core/Src/stm32f0xx_it.o
 .debug_line    0x0000000000001e27      0x676 Core/Src/system_stm32f0xx.o
 .debug_line    0x000000000000249d       0x89 Core/Startup/startup_stm32f030f4px.o
 .debug_line    0x0000000000002526      0x806 Drivers/STM32F0xx_HAL_Driver/Src/stm32f0xx_hal.o
 .debug_line    0x0000000000002d2c      0x7d6 Drivers/STM32F0xx_HAL_Driver/Src/stm32f0xx_hal_cortex.o
 .debug_line    0x0000000000003502      0x82d Drivers/STM32F0xx_HAL_Driver/Src/stm32f0xx_hal_flash.o
 .debug_line    0x0000000000003d2f      0x84a Drivers/STM32F0xx_HAL_Driver/Src/stm32f0xx_hal_flash_ex.o
 .debug_line    0x0000000000004579      0x7a0 Drivers/STM32F0xx_HAL_Driver/Src/stm32f0xx_hal_gpio.o
 .debug_line    0x0000000000004d19      0x90d Drivers/STM32F0xx_HAL_Driver/Src/stm32f0xx_hal_rcc.o

.debug_str      0x0000000000000000    0x57b06
 .debug_str     0x0000000000000000    0x56881 Core/Src/FlASH_PAGE_F1.o
                                      0x56b9a (size before relaxing)
 .debug_str     0x0000000000056881      0x2f3 Core/Src/main.o
                                      0x55afe (size before relaxing)
 .debug_str     0x0000000000056b74       0x2c Core/Src/stm32f0xx_hal_msp.o
                                      0x528c3 (size before relaxing)
 .debug_str     0x0000000000056ba0       0x82 Core/Src/stm32f0xx_it.o
                                      0x528bf (size before relaxing)
 .debug_str     0x0000000000056c22       0x5f Core/Src/system_stm32f0xx.o
                                      0x528be (size before relaxing)
 .debug_str     0x0000000000056c81       0x36 Core/Startup/startup_stm32f030f4px.o
                                         0x92 (size before relaxing)
 .debug_str     0x0000000000056cb7      0x41c Drivers/STM32F0xx_HAL_Driver/Src/stm32f0xx_hal.o
                                      0x52dbd (size before relaxing)
 .debug_str     0x00000000000570d3      0x1dc Drivers/STM32F0xx_HAL_Driver/Src/stm32f0xx_hal_cortex.o
                                      0x52c49 (size before relaxing)
 .debug_str     0x00000000000572af      0x281 Drivers/STM32F0xx_HAL_Driver/Src/stm32f0xx_hal_flash.o
                                      0x52b95 (size before relaxing)
 .debug_str     0x0000000000057530      0x2a9 Drivers/STM32F0xx_HAL_Driver/Src/stm32f0xx_hal_flash_ex.o
                                      0x52ce7 (size before relaxing)
 .debug_str     0x00000000000577d9      0x11e Drivers/STM32F0xx_HAL_Driver/Src/stm32f0xx_hal_gpio.o
                                      0x52a9d (size before relaxing)
 .debug_str     0x00000000000578f7      0x20f Drivers/STM32F0xx_HAL_Driver/Src/stm32f0xx_hal_rcc.o
                                      0x52cef (size before relaxing)

.comment        0x0000000000000000       0x7b
 .comment       0x0000000000000000       0x7b Core/Src/FlASH_PAGE_F1.o
                                         0x7c (size before relaxing)
 .comment       0x000000000000007b       0x7c Core/Src/main.o
 .comment       0x000000000000007b       0x7c Core/Src/stm32f0xx_hal_msp.o
 .comment       0x000000000000007b       0x7c Core/Src/stm32f0xx_it.o
 .comment       0x000000000000007b       0x7c Core/Src/system_stm32f0xx.o
 .comment       0x000000000000007b       0x7c Drivers/STM32F0xx_HAL_Driver/Src/stm32f0xx_hal.o
 .comment       0x000000000000007b       0x7c Drivers/STM32F0xx_HAL_Driver/Src/stm32f0xx_hal_cortex.o
 .comment       0x000000000000007b       0x7c Drivers/STM32F0xx_HAL_Driver/Src/stm32f0xx_hal_flash.o
 .comment       0x000000000000007b       0x7c Drivers/STM32F0xx_HAL_Driver/Src/stm32f0xx_hal_flash_ex.o
 .comment       0x000000000000007b       0x7c Drivers/STM32F0xx_HAL_Driver/Src/stm32f0xx_hal_gpio.o
 .comment       0x000000000000007b       0x7c Drivers/STM32F0xx_HAL_Driver/Src/stm32f0xx_hal_rcc.o

.debug_frame    0x0000000000000000      0x920
 .debug_frame   0x0000000000000000       0xd4 Core/Src/FlASH_PAGE_F1.o
 .debug_frame   0x00000000000000d4       0x58 Core/Src/main.o
 .debug_frame   0x000000000000012c       0x24 Core/Src/stm32f0xx_hal_msp.o
 .debug_frame   0x0000000000000150       0x68 Core/Src/stm32f0xx_it.o
 .debug_frame   0x00000000000001b8       0x38 Core/Src/system_stm32f0xx.o
 .debug_frame   0x00000000000001f0      0x1ac Drivers/STM32F0xx_HAL_Driver/Src/stm32f0xx_hal.o
 .debug_frame   0x000000000000039c       0xe4 Drivers/STM32F0xx_HAL_Driver/Src/stm32f0xx_hal_cortex.o
 .debug_frame   0x0000000000000480      0x130 Drivers/STM32F0xx_HAL_Driver/Src/stm32f0xx_hal_flash.o
 .debug_frame   0x00000000000005b0       0xe4 Drivers/STM32F0xx_HAL_Driver/Src/stm32f0xx_hal_flash_ex.o
 .debug_frame   0x0000000000000694       0xd4 Drivers/STM32F0xx_HAL_Driver/Src/stm32f0xx_hal_gpio.o
 .debug_frame   0x0000000000000768      0x14c Drivers/STM32F0xx_HAL_Driver/Src/stm32f0xx_hal_rcc.o
 .debug_frame   0x00000000000008b4       0x2c /opt/st/stm32cubeide_1.3.0/plugins/com.st.stm32cube.ide.mcu.externaltools.gnu-tools-for-stm32.7-2018-q2-update.linux64_1.0.0.201904181610/tools/bin/../lib/gcc/arm-none-eabi/7.3.1/../../../../arm-none-eabi/lib/thumb/v6-m/libc_nano.a(lib_a-init.o)
 .debug_frame   0x00000000000008e0       0x20 /opt/st/stm32cubeide_1.3.0/plugins/com.st.stm32cube.ide.mcu.externaltools.gnu-tools-for-stm32.7-2018-q2-update.linux64_1.0.0.201904181610/tools/bin/../lib/gcc/arm-none-eabi/7.3.1/../../../../arm-none-eabi/lib/thumb/v6-m/libc_nano.a(lib_a-memset.o)
 .debug_frame   0x0000000000000900       0x20 /opt/st/stm32cubeide_1.3.0/plugins/com.st.stm32cube.ide.mcu.externaltools.gnu-tools-for-stm32.7-2018-q2-update.linux64_1.0.0.201904181610/tools/bin/../lib/gcc/arm-none-eabi/7.3.1/thumb/v6-m/libgcc.a(_udivsi3.o)
